// Jest Snapshot v1, https://goo.gl/fbAQLP

exports[`CollectionList component renders CollectionList 1`] = `
<ul>
  <li
    key="id"
  >
    <CollectionItem
      _id="id"
      description="description"
      name="Title"
    />
  </li>
</ul>
`;
