// Jest Snapshot v1, https://goo.gl/fbAQLP

exports[`CollectionItem component renders CollectionItem 1`] = `
<Fragment>
  <Link
    to="/collection/delete"
  >
    <h3>
      Title
    </h3>
    <p>
      description
    </p>
  </Link>
  <button
    onClick={[Function]}
  >
    âœ—
  </button>
</Fragment>
`;
