// Jest Snapshot v1, https://goo.gl/fbAQLP

exports[`PageTitle component renders PageTitle 1`] = `
<Fragment>
  <h1>
    title
  </h1>
</Fragment>
`;
