// Jest Snapshot v1, https://goo.gl/fbAQLP

exports[`Header component renders Header 1`] = `
<div>
  <h1>
    Newzie
  </h1>
</div>
`;
