// Jest Snapshot v1, https://goo.gl/fbAQLP

exports[`CollectionDetailTitle component renders CollectionDetailTitle 1`] = `
<div>
  <h3>
    title
  </h3>
  <p>
    were
  </p>
</div>
`;
