// Jest Snapshot v1, https://goo.gl/fbAQLP

exports[`NewsItem component renders NewsItem 1`] = `
<div
  className="container"
>
  <div
    className="linkContainer"
  >
    <a
      href="url"
      rel="noopener noreferrer"
      target="_blank"
    >
      View at 
    </a>
    <button>
      âž•
    </button>
  </div>
  <div
    className="imageContainer"
  >
    <img
      src="urlToImage"
    />
  </div>
  <div
    className="titleContainer"
  >
    <h3>
      title
    </h3>
    <p
      className="title"
    >
      description
    </p>
    <footer
      className="source"
    >
      <p>
        Published: 
        publishedAt
      </p>
      <p>
        Author: 
        author
      </p>
    </footer>
  </div>
</div>
`;
