// Jest Snapshot v1, https://goo.gl/fbAQLP

exports[`NewsList component renders NewsList 1`] = `
<ul
  className="container"
>
  <li>
    <NewsItem
      author="author"
      description="description"
      tagColor="tagColor"
      title="Title"
    />
  </li>
</ul>
`;
